// Jest Snapshot v1, https://goo.gl/fbAQLP

exports[`Login Form Component test should render 1`] = `
Array [
  <View
    style={
      Object {
        "height": "40%",
        "padding": 50,
      }
    }
  >
    <Image
      resizeMode="contain"
      source={
        Object {
          "uri": "https://raw.githubusercontent.com/dailydrip/firestorm/master/assets/static/images/firestorm-logo.png",
        }
      }
      style={
        Object {
          "height": "100%",
          "width": "100%",
        }
      }
    />
  </View>,
  <View
    style={
      Array [
        Object {},
        undefined,
      ]
    }
  >
    <Text
      style={
        Array [
          Object {},
          undefined,
          undefined,
          undefined,
          undefined,
          undefined,
          undefined,
          undefined,
          undefined,
          undefined,
          Array [
            Object {
              "color": "#86939e",
              "fontSize": 15,
              "fontWeight": "bold",
              "marginBottom": 1,
              "marginLeft": 20,
              "marginRight": 20,
              "marginTop": 15,
            },
            undefined,
            undefined,
          ],
        ]
      }
    >
      E-mail
    </Text>
  </View>,
  <View
    style={
      Object {
        "borderBottomColor": "#bdc6cf",
        "borderBottomWidth": 1,
        "marginLeft": 20,
        "marginRight": 20,
        "transform": Array [
          Object {
            "translateX": 0,
          },
        ],
      }
    }
  >
    <TextInput
      allowFontScaling={true}
      autoCapitalize="none"
      onChangeText={[Function]}
      style={
        Array [
          Object {
            "color": "#86939e",
            "minHeight": 36,
            "width": 750,
          },
          Object {
            "fontSize": 17.5,
          },
          undefined,
        ]
      }
      underlineColorAndroid="transparent"
      value=""
    />
  </View>,
  <View
    style={
      Array [
        Object {},
        undefined,
      ]
    }
  >
    <Text
      style={
        Array [
          Object {},
          undefined,
          undefined,
          undefined,
          undefined,
          undefined,
          undefined,
          undefined,
          undefined,
          undefined,
          Array [
            Object {
              "color": "#86939e",
              "fontSize": 15,
              "fontWeight": "bold",
              "marginBottom": 1,
              "marginLeft": 20,
              "marginRight": 20,
              "marginTop": 15,
            },
            undefined,
            undefined,
          ],
        ]
      }
    >
      Password
    </Text>
  </View>,
  <View
    style={
      Object {
        "borderBottomColor": "#bdc6cf",
        "borderBottomWidth": 1,
        "marginLeft": 20,
        "marginRight": 20,
        "transform": Array [
          Object {
            "translateX": 0,
          },
        ],
      }
    }
  >
    <TextInput
      allowFontScaling={true}
      onChangeText={[Function]}
      secureTextEntry={true}
      style={
        Array [
          Object {
            "color": "#86939e",
            "minHeight": 36,
            "width": 750,
          },
          Object {
            "fontSize": 17.5,
          },
          undefined,
        ]
      }
      underlineColorAndroid="transparent"
      value=""
    />
  </View>,
  <View
    style={
      Array [
        Object {
          "marginLeft": 15,
          "marginRight": 15,
        },
        undefined,
        undefined,
        undefined,
      ]
    }
  >
    <View
      accessible={true}
      isTVSelectable={true}
      onResponderGrant={[Function]}
      onResponderMove={[Function]}
      onResponderRelease={[Function]}
      onResponderTerminate={[Function]}
      onResponderTerminationRequest={[Function]}
      onStartShouldSetResponder={[Function]}
      style={
        Object {
          "marginTop": 30,
        }
      }
    >
      <View
        pointerEvents="box-only"
        style={
          Array [
            Object {
              "alignItems": "center",
              "backgroundColor": "#9E9E9E",
              "flexDirection": "row",
              "justifyContent": "center",
              "padding": 19,
            },
            undefined,
            undefined,
            undefined,
            undefined,
            undefined,
            Object {
              "backgroundColor": "#FAAF3F",
            },
            undefined,
            false,
            undefined,
            undefined,
            undefined,
            undefined,
            undefined,
            undefined,
          ]
        }
      >
        <Text
          style={
            Array [
              Object {},
              undefined,
              undefined,
              undefined,
              undefined,
              undefined,
              undefined,
              undefined,
              undefined,
              undefined,
              Array [
                Object {
                  "color": "white",
                  "fontSize": 20,
                },
                undefined,
                false,
                undefined,
                undefined,
                undefined,
                undefined,
                undefined,
              ],
            ]
          }
        >
          Login
        </Text>
      </View>
    </View>
  </View>,
]
`;
